[      66ms] [LOG] [Fast Refresh] done in 8ms @ http://localhost:3000/_next/static/chunks/1x5__next_dist_1-qjogw._.js:776
[     169ms] [INFO] %cDownload the React DevTools for a better development experience: https://react.dev/link/react-devtools font-weight:bold @ http://localhost:3000/_next/static/chunks/1x5__next_dist_1-qjogw._.js:776
[     185ms] [LOG] [HMR] connected @ http://localhost:3000/_next/static/chunks/1x5__next_dist_1-qjogw._.js:776
[  317792ms] [LOG] [Fast Refresh] rebuilding @ http://localhost:3000/_next/static/chunks/1x5__next_dist_1-qjogw._.js:776
[  317896ms] [LOG] [Fast Refresh] done in 17ms @ http://localhost:3000/_next/static/chunks/1x5__next_dist_1-qjogw._.js:776
[  317937ms] [LOG] [Fast Refresh] done in 17ms @ http://localhost:3000/_next/static/chunks/1x5__next_dist_1-qjogw._.js:776
[  318134ms] [LOG] [Fast Refresh] done in 17ms @ http://localhost:3000/_next/static/chunks/1x5__next_dist_1-qjogw._.js:776
[  318445ms] [LOG] [Fast Refresh] done in 17ms @ http://localhost:3000/_next/static/chunks/1x5__next_dist_1-qjogw._.js:776
[  318515ms] [LOG] [Fast Refresh] done in 17ms @ http://localhost:3000/_next/static/chunks/1x5__next_dist_1-qjogw._.js:776
[  329946ms] [LOG] [Fast Refresh] done in 17ms @ http://localhost:3000/_next/static/chunks/1x5__next_dist_1-qjogw._.js:776
[  332895ms] [LOG] [Fast Refresh] rebuilding @ http://localhost:3000/_next/static/chunks/1x5__next_dist_1-qjogw._.js:776
[  332951ms] [LOG] [Fast Refresh] done in 6ms @ http://localhost:3000/_next/static/chunks/1x5__next_dist_1-qjogw._.js:776
[  332972ms] [LOG] [Fast Refresh] done in 6ms @ http://localhost:3000/_next/static/chunks/1x5__next_dist_1-qjogw._.js:776
[  333185ms] [LOG] [Fast Refresh] done in 6ms @ http://localhost:3000/_next/static/chunks/1x5__next_dist_1-qjogw._.js:776
[  333226ms] [LOG] [Fast Refresh] done in 6ms @ http://localhost:3000/_next/static/chunks/1x5__next_dist_1-qjogw._.js:776
[  333260ms] [LOG] [Fast Refresh] done in 6ms @ http://localhost:3000/_next/static/chunks/1x5__next_dist_1-qjogw._.js:776
[  343260ms] [LOG] [Fast Refresh] rebuilding @ http://localhost:3000/_next/static/chunks/1x5__next_dist_1-qjogw._.js:776
[  343310ms] [LOG] [Fast Refresh] done in 5ms @ http://localhost:3000/_next/static/chunks/1x5__next_dist_1-qjogw._.js:776
[  343355ms] [LOG] [Fast Refresh] done in 5ms @ http://localhost:3000/_next/static/chunks/1x5__next_dist_1-qjogw._.js:776
[  343441ms] [LOG] [Fast Refresh] done in 5ms @ http://localhost:3000/_next/static/chunks/1x5__next_dist_1-qjogw._.js:776
[  343483ms] [LOG] [Fast Refresh] done in 5ms @ http://localhost:3000/_next/static/chunks/1x5__next_dist_1-qjogw._.js:776
[  343518ms] [LOG] [Fast Refresh] done in 5ms @ http://localhost:3000/_next/static/chunks/1x5__next_dist_1-qjogw._.js:776
[  354870ms] [LOG] [Fast Refresh] done in 5ms @ http://localhost:3000/_next/static/chunks/1x5__next_dist_1-qjogw._.js:776
[  367961ms] [LOG] [Fast Refresh] rebuilding @ http://localhost:3000/_next/static/chunks/1x5__next_dist_1-qjogw._.js:776
[  368165ms] [ERROR] ./frontend/app/details/[metric]/page.tsx:18:1
Error: Export selectTTMActuals doesn't exist in target module
  16 | import ConsolidationSummary from '../../../components/organisms/consolidation-summary/consolidation-summary';
  17 | import ConsolidationSummaryLoading from '../../../components/organisms/consolidation-summary/consolidation-summary....
> 18 | import {
     | ^^^^^^^
> 19 |     selectReturnOnEquityError,
     | ^^^^^^^^^^^^^^^^^^^^^^^^^^^^^^
> 20 |     selectReturnOnEquityHorizons,
     | ^^^^^^^^^^^^^^^^^^^^^^^^^^^^^^^^^
> 21 |     selectReturnOnEquityIsEmpty,
     | ^^^^^^^^^^^^^^^^^^^^^^^^^^^^^^^^
> 22 |     selectReturnOnEquityStatus,
     | ^^^^^^^^^^^^^^^^^^^^^^^^^^^^^^^
> 23 |     selectConsolidatedSummary,
     | ^^^^^^^^^^^^^^^^^^^^^^^^^^^^^^
> 24 |     selectTTMActuals,
     | ^^^^^^^^^^^^^^^^^^^^^
> 25 | } from '../../../redux/selectors/return-on-equity.selectors';
     | ^^^^^^^^^^^^^^^^^^^^^^^^^^^^^^^^^^^^^^^^^^^^^^^^^^^^^^^^^^^^^
  26 | import {
  27 |     DetailContentFlow,
  28 |     DesktopBreadcrumb,

The export selectTTMActuals was not found in module [project]/frontend/redux/selectors/return-on-equity.selectors.ts [app-client] (ecmascript).
Did you mean to import selectTrailingTwelveMonthsActuals?
All exports of the module are statically known (It doesn't have dynamic exports). So it's known statically that the requested export doesn't exist.

Import traces:
  Client Component Browser:
    ./frontend/app/details/[metric]/page.tsx [Client Component Browser]
    ./frontend/app/details/[metric]/page.tsx [Server Component]

  Client Component SSR:
    ./frontend/app/details/[metric]/page.tsx [Client Component SSR]
    ./frontend/app/details/[metric]/page.tsx [Server Component] @ http://localhost:3000/_next/static/chunks/1x5__next_dist_1-qjogw._.js:1052
[  368165ms] [ERROR] ./frontend/app/details/[metric]/page.tsx:18:1
Error: Export selectTTMActuals doesn't exist in target module
  16 | import ConsolidationSummary from '../../../components/organisms/consolidation-summary/consolidation-summary';
  17 | import ConsolidationSummaryLoading from '../../../components/organisms/consolidation-summary/consolidation-summary....
> 18 | import {
     | ^^^^^^^
> 19 |     selectReturnOnEquityError,
     | ^^^^^^^^^^^^^^^^^^^^^^^^^^^^^^
> 20 |     selectReturnOnEquityHorizons,
     | ^^^^^^^^^^^^^^^^^^^^^^^^^^^^^^^^^
> 21 |     selectReturnOnEquityIsEmpty,
     | ^^^^^^^^^^^^^^^^^^^^^^^^^^^^^^^^
> 22 |     selectReturnOnEquityStatus,
     | ^^^^^^^^^^^^^^^^^^^^^^^^^^^^^^^
> 23 |     selectConsolidatedSummary,
     | ^^^^^^^^^^^^^^^^^^^^^^^^^^^^^^
> 24 |     selectTTMActuals,
     | ^^^^^^^^^^^^^^^^^^^^^
> 25 | } from '../../../redux/selectors/return-on-equity.selectors';
     | ^^^^^^^^^^^^^^^^^^^^^^^^^^^^^^^^^^^^^^^^^^^^^^^^^^^^^^^^^^^^^
  26 | import {
  27 |     DetailContentFlow,
  28 |     DesktopBreadcrumb,

The export selectTTMActuals was not found in module [project]/frontend/redux/selectors/return-on-equity.selectors.ts [app-ssr] (ecmascript).
Did you mean to import selectTrailingTwelveMonthsActuals?
All exports of the module are statically known (It doesn't have dynamic exports). So it's known statically that the requested export doesn't exist.

Import traces:
  Client Component Browser:
    ./frontend/app/details/[metric]/page.tsx [Client Component Browser]
    ./frontend/app/details/[metric]/page.tsx [Server Component]

  Client Component SSR:
    ./frontend/app/details/[metric]/page.tsx [Client Component SSR]
    ./frontend/app/details/[metric]/page.tsx [Server Component] @ http://localhost:3000/_next/static/chunks/1x5__next_dist_1-qjogw._.js:1052
[  368318ms] [ERROR] ./frontend/app/details/[metric]/page.tsx:18:1
Error: Export selectTTMActuals doesn't exist in target module
  16 | import ConsolidationSummary from '../../../components/organisms/consolidation-summary/consolidation-summary';
  17 | import ConsolidationSummaryLoading from '../../../components/organisms/consolidation-summary/consolidation-summary....
> 18 | import {
     | ^^^^^^^
> 19 |     selectReturnOnEquityError,
     | ^^^^^^^^^^^^^^^^^^^^^^^^^^^^^^
> 20 |     selectReturnOnEquityHorizons,
     | ^^^^^^^^^^^^^^^^^^^^^^^^^^^^^^^^^
> 21 |     selectReturnOnEquityIsEmpty,
     | ^^^^^^^^^^^^^^^^^^^^^^^^^^^^^^^^
> 22 |     selectReturnOnEquityStatus,
     | ^^^^^^^^^^^^^^^^^^^^^^^^^^^^^^^
> 23 |     selectConsolidatedSummary,
     | ^^^^^^^^^^^^^^^^^^^^^^^^^^^^^^
> 24 |     selectTTMActuals,
     | ^^^^^^^^^^^^^^^^^^^^^
> 25 | } from '../../../redux/selectors/return-on-equity.selectors';
     | ^^^^^^^^^^^^^^^^^^^^^^^^^^^^^^^^^^^^^^^^^^^^^^^^^^^^^^^^^^^^^
  26 | import {
  27 |     DetailContentFlow,
  28 |     DesktopBreadcrumb,

The export selectTTMActuals was not found in module [project]/frontend/redux/selectors/return-on-equity.selectors.ts [app-client] (ecmascript).
Did you mean to import selectTrailingTwelveMonthsActuals?
All exports of the module are statically known (It doesn't have dynamic exports). So it's known statically that the requested export doesn't exist.

Import traces:
  Client Component Browser:
    ./frontend/app/details/[metric]/page.tsx [Client Component Browser]
    ./frontend/app/details/[metric]/page.tsx [Server Component]

  Client Component SSR:
    ./frontend/app/details/[metric]/page.tsx [Client Component SSR]
    ./frontend/app/details/[metric]/page.tsx [Server Component] @ http://localhost:3000/_next/static/chunks/1x5__next_dist_1-qjogw._.js:1052
[  368318ms] [ERROR] ./frontend/app/details/[metric]/page.tsx:18:1
Error: Export selectTTMActuals doesn't exist in target module
  16 | import ConsolidationSummary from '../../../components/organisms/consolidation-summary/consolidation-summary';
  17 | import ConsolidationSummaryLoading from '../../../components/organisms/consolidation-summary/consolidation-summary....
> 18 | import {
     | ^^^^^^^
> 19 |     selectReturnOnEquityError,
     | ^^^^^^^^^^^^^^^^^^^^^^^^^^^^^^
> 20 |     selectReturnOnEquityHorizons,
     | ^^^^^^^^^^^^^^^^^^^^^^^^^^^^^^^^^
> 21 |     selectReturnOnEquityIsEmpty,
     | ^^^^^^^^^^^^^^^^^^^^^^^^^^^^^^^^
> 22 |     selectReturnOnEquityStatus,
     | ^^^^^^^^^^^^^^^^^^^^^^^^^^^^^^^
> 23 |     selectConsolidatedSummary,
     | ^^^^^^^^^^^^^^^^^^^^^^^^^^^^^^
> 24 |     selectTTMActuals,
     | ^^^^^^^^^^^^^^^^^^^^^
> 25 | } from '../../../redux/selectors/return-on-equity.selectors';
     | ^^^^^^^^^^^^^^^^^^^^^^^^^^^^^^^^^^^^^^^^^^^^^^^^^^^^^^^^^^^^^
  26 | import {
  27 |     DetailContentFlow,
  28 |     DesktopBreadcrumb,

The export selectTTMActuals was not found in module [project]/frontend/redux/selectors/return-on-equity.selectors.ts [app-ssr] (ecmascript).
Did you mean to import selectTrailingTwelveMonthsActuals?
All exports of the module are statically known (It doesn't have dynamic exports). So it's known statically that the requested export doesn't exist.

Import traces:
  Client Component Browser:
    ./frontend/app/details/[metric]/page.tsx [Client Component Browser]
    ./frontend/app/details/[metric]/page.tsx [Server Component]

  Client Component SSR:
    ./frontend/app/details/[metric]/page.tsx [Client Component SSR]
    ./frontend/app/details/[metric]/page.tsx [Server Component] @ http://localhost:3000/_next/static/chunks/1x5__next_dist_1-qjogw._.js:1052
[  373843ms] [ERROR] ./frontend/app/details/[metric]/page.tsx:18:1
Error: Export selectTTMActuals doesn't exist in target module
  16 | import ConsolidationSummary from '../../../components/organisms/consolidation-summary/consolidation-summary';
  17 | import ConsolidationSummaryLoading from '../../../components/organisms/consolidation-summary/consolidation-summary....
> 18 | import {
     | ^^^^^^^
> 19 |     selectReturnOnEquityError,
     | ^^^^^^^^^^^^^^^^^^^^^^^^^^^^^^
> 20 |     selectReturnOnEquityHorizons,
     | ^^^^^^^^^^^^^^^^^^^^^^^^^^^^^^^^^
> 21 |     selectReturnOnEquityIsEmpty,
     | ^^^^^^^^^^^^^^^^^^^^^^^^^^^^^^^^
> 22 |     selectReturnOnEquityStatus,
     | ^^^^^^^^^^^^^^^^^^^^^^^^^^^^^^^
> 23 |     selectConsolidatedSummary,
     | ^^^^^^^^^^^^^^^^^^^^^^^^^^^^^^
> 24 |     selectTTMActuals,
     | ^^^^^^^^^^^^^^^^^^^^^
> 25 | } from '../../../redux/selectors/return-on-equity.selectors';
     | ^^^^^^^^^^^^^^^^^^^^^^^^^^^^^^^^^^^^^^^^^^^^^^^^^^^^^^^^^^^^^
  26 | import {
  27 |     DetailContentFlow,
  28 |     DesktopBreadcrumb,

The export selectTTMActuals was not found in module [project]/frontend/redux/selectors/return-on-equity.selectors.ts [app-client] (ecmascript).
Did you mean to import selectTrailingTwelveMonthsActuals?
All exports of the module are statically known (It doesn't have dynamic exports). So it's known statically that the requested export doesn't exist.

Import traces:
  Client Component Browser:
    ./frontend/app/details/[metric]/page.tsx [Client Component Browser]
    ./frontend/app/details/[metric]/page.tsx [Server Component]

  Client Component SSR:
    ./frontend/app/details/[metric]/page.tsx [Client Component SSR]
    ./frontend/app/details/[metric]/page.tsx [Server Component] @ http://localhost:3000/_next/static/chunks/1x5__next_dist_1-qjogw._.js:1052
[  373843ms] [ERROR] ./frontend/app/details/[metric]/page.tsx:18:1
Error: Export selectTTMActuals doesn't exist in target module
  16 | import ConsolidationSummary from '../../../components/organisms/consolidation-summary/consolidation-summary';
  17 | import ConsolidationSummaryLoading from '../../../components/organisms/consolidation-summary/consolidation-summary....
> 18 | import {
     | ^^^^^^^
> 19 |     selectReturnOnEquityError,
     | ^^^^^^^^^^^^^^^^^^^^^^^^^^^^^^
> 20 |     selectReturnOnEquityHorizons,
     | ^^^^^^^^^^^^^^^^^^^^^^^^^^^^^^^^^
> 21 |     selectReturnOnEquityIsEmpty,
     | ^^^^^^^^^^^^^^^^^^^^^^^^^^^^^^^^
> 22 |     selectReturnOnEquityStatus,
     | ^^^^^^^^^^^^^^^^^^^^^^^^^^^^^^^
> 23 |     selectConsolidatedSummary,
     | ^^^^^^^^^^^^^^^^^^^^^^^^^^^^^^
> 24 |     selectTTMActuals,
     | ^^^^^^^^^^^^^^^^^^^^^
> 25 | } from '../../../redux/selectors/return-on-equity.selectors';
     | ^^^^^^^^^^^^^^^^^^^^^^^^^^^^^^^^^^^^^^^^^^^^^^^^^^^^^^^^^^^^^
  26 | import {
  27 |     DetailContentFlow,
  28 |     DesktopBreadcrumb,

The export selectTTMActuals was not found in module [project]/frontend/redux/selectors/return-on-equity.selectors.ts [app-ssr] (ecmascript).
Did you mean to import selectTrailingTwelveMonthsActuals?
All exports of the module are statically known (It doesn't have dynamic exports). So it's known statically that the requested export doesn't exist.

Import traces:
  Client Component Browser:
    ./frontend/app/details/[metric]/page.tsx [Client Component Browser]
    ./frontend/app/details/[metric]/page.tsx [Server Component]

  Client Component SSR:
    ./frontend/app/details/[metric]/page.tsx [Client Component SSR]
    ./frontend/app/details/[metric]/page.tsx [Server Component] @ http://localhost:3000/_next/static/chunks/1x5__next_dist_1-qjogw._.js:1052
[  374044ms] [LOG] [Fast Refresh] rebuilding @ http://localhost:3000/_next/static/chunks/1x5__next_dist_1-qjogw._.js:776
[  375071ms] [ERROR] ./frontend/app/details/[metric]/page.tsx:18:1
Error: Export selectTTMActuals doesn't exist in target module
  16 | import ConsolidationSummary from '../../../components/organisms/consolidation-summary/consolidation-summary';
  17 | import ConsolidationSummaryLoading from '../../../components/organisms/consolidation-summary/consolidation-summary....
> 18 | import {
     | ^^^^^^^
> 19 |     selectReturnOnEquityError,
     | ^^^^^^^^^^^^^^^^^^^^^^^^^^^^^^
> 20 |     selectReturnOnEquityHorizons,
     | ^^^^^^^^^^^^^^^^^^^^^^^^^^^^^^^^^
> 21 |     selectReturnOnEquityIsEmpty,
     | ^^^^^^^^^^^^^^^^^^^^^^^^^^^^^^^^
> 22 |     selectReturnOnEquityStatus,
     | ^^^^^^^^^^^^^^^^^^^^^^^^^^^^^^^
> 23 |     selectConsolidatedSummary,
     | ^^^^^^^^^^^^^^^^^^^^^^^^^^^^^^
> 24 |     selectTTMActuals,
     | ^^^^^^^^^^^^^^^^^^^^^
> 25 | } from '../../../redux/selectors/return-on-equity.selectors';
     | ^^^^^^^^^^^^^^^^^^^^^^^^^^^^^^^^^^^^^^^^^^^^^^^^^^^^^^^^^^^^^
  26 | import {
  27 |     DetailContentFlow,
  28 |     DesktopBreadcrumb,

The export selectTTMActuals was not found in module [project]/frontend/redux/selectors/return-on-equity.selectors.ts [app-client] (ecmascript).
Did you mean to import selectTrailingTwelveMonthsActuals?
All exports of the module are statically known (It doesn't have dynamic exports). So it's known statically that the requested export doesn't exist.

Import traces:
  Client Component Browser:
    ./frontend/app/details/[metric]/page.tsx [Client Component Browser]
    ./frontend/app/details/[metric]/page.tsx [Server Component]

  Client Component SSR:
    ./frontend/app/details/[metric]/page.tsx [Client Component SSR]
    ./frontend/app/details/[metric]/page.tsx [Server Component] @ http://localhost:3000/_next/static/chunks/1x5__next_dist_1-qjogw._.js:1052
[  375071ms] [ERROR] ./frontend/app/details/[metric]/page.tsx:18:1
Error: Export selectTTMActuals doesn't exist in target module
  16 | import ConsolidationSummary from '../../../components/organisms/consolidation-summary/consolidation-summary';
  17 | import ConsolidationSummaryLoading from '../../../components/organisms/consolidation-summary/consolidation-summary....
> 18 | import {
     | ^^^^^^^
> 19 |     selectReturnOnEquityError,
     | ^^^^^^^^^^^^^^^^^^^^^^^^^^^^^^
> 20 |     selectReturnOnEquityHorizons,
     | ^^^^^^^^^^^^^^^^^^^^^^^^^^^^^^^^^
> 21 |     selectReturnOnEquityIsEmpty,
     | ^^^^^^^^^^^^^^^^^^^^^^^^^^^^^^^^
> 22 |     selectReturnOnEquityStatus,
     | ^^^^^^^^^^^^^^^^^^^^^^^^^^^^^^^
> 23 |     selectConsolidatedSummary,
     | ^^^^^^^^^^^^^^^^^^^^^^^^^^^^^^
> 24 |     selectTTMActuals,
     | ^^^^^^^^^^^^^^^^^^^^^
> 25 | } from '../../../redux/selectors/return-on-equity.selectors';
     | ^^^^^^^^^^^^^^^^^^^^^^^^^^^^^^^^^^^^^^^^^^^^^^^^^^^^^^^^^^^^^
  26 | import {
  27 |     DetailContentFlow,
  28 |     DesktopBreadcrumb,

The export selectTTMActuals was not found in module [project]/frontend/redux/selectors/return-on-equity.selectors.ts [app-ssr] (ecmascript).
Did you mean to import selectTrailingTwelveMonthsActuals?
All exports of the module are statically known (It doesn't have dynamic exports). So it's known statically that the requested export doesn't exist.

Import traces:
  Client Component Browser:
    ./frontend/app/details/[metric]/page.tsx [Client Component Browser]
    ./frontend/app/details/[metric]/page.tsx [Server Component]

  Client Component SSR:
    ./frontend/app/details/[metric]/page.tsx [Client Component SSR]
    ./frontend/app/details/[metric]/page.tsx [Server Component] @ http://localhost:3000/_next/static/chunks/1x5__next_dist_1-qjogw._.js:1052
[  375272ms] [LOG] [Fast Refresh] rebuilding @ http://localhost:3000/_next/static/chunks/1x5__next_dist_1-qjogw._.js:776
[  375564ms] [ERROR] ./frontend/app/details/[metric]/page.tsx:18:1
Error: Export selectTTMActuals doesn't exist in target module
  16 | import ConsolidationSummary from '../../../components/organisms/consolidation-summary/consolidation-summary';
  17 | import ConsolidationSummaryLoading from '../../../components/organisms/consolidation-summary/consolidation-summary....
> 18 | import {
     | ^^^^^^^
> 19 |     selectReturnOnEquityError,
     | ^^^^^^^^^^^^^^^^^^^^^^^^^^^^^^
> 20 |     selectReturnOnEquityHorizons,
     | ^^^^^^^^^^^^^^^^^^^^^^^^^^^^^^^^^
> 21 |     selectReturnOnEquityIsEmpty,
     | ^^^^^^^^^^^^^^^^^^^^^^^^^^^^^^^^
> 22 |     selectReturnOnEquityStatus,
     | ^^^^^^^^^^^^^^^^^^^^^^^^^^^^^^^
> 23 |     selectConsolidatedSummary,
     | ^^^^^^^^^^^^^^^^^^^^^^^^^^^^^^
> 24 |     selectTTMActuals,
     | ^^^^^^^^^^^^^^^^^^^^^
> 25 | } from '../../../redux/selectors/return-on-equity.selectors';
     | ^^^^^^^^^^^^^^^^^^^^^^^^^^^^^^^^^^^^^^^^^^^^^^^^^^^^^^^^^^^^^
  26 | import {
  27 |     DetailContentFlow,
  28 |     DesktopBreadcrumb,

The export selectTTMActuals was not found in module [project]/frontend/redux/selectors/return-on-equity.selectors.ts [app-client] (ecmascript).
Did you mean to import selectTrailingTwelveMonthsActuals?
All exports of the module are statically known (It doesn't have dynamic exports). So it's known statically that the requested export doesn't exist.

Import traces:
  Client Component Browser:
    ./frontend/app/details/[metric]/page.tsx [Client Component Browser]
    ./frontend/app/details/[metric]/page.tsx [Server Component]

  Client Component SSR:
    ./frontend/app/details/[metric]/page.tsx [Client Component SSR]
    ./frontend/app/details/[metric]/page.tsx [Server Component] @ http://localhost:3000/_next/static/chunks/1x5__next_dist_1-qjogw._.js:1052
[  375565ms] [ERROR] ./frontend/app/details/[metric]/page.tsx:18:1
Error: Export selectTTMActuals doesn't exist in target module
  16 | import ConsolidationSummary from '../../../components/organisms/consolidation-summary/consolidation-summary';
  17 | import ConsolidationSummaryLoading from '../../../components/organisms/consolidation-summary/consolidation-summary....
> 18 | import {
     | ^^^^^^^
> 19 |     selectReturnOnEquityError,
     | ^^^^^^^^^^^^^^^^^^^^^^^^^^^^^^
> 20 |     selectReturnOnEquityHorizons,
     | ^^^^^^^^^^^^^^^^^^^^^^^^^^^^^^^^^
> 21 |     selectReturnOnEquityIsEmpty,
     | ^^^^^^^^^^^^^^^^^^^^^^^^^^^^^^^^
> 22 |     selectReturnOnEquityStatus,
     | ^^^^^^^^^^^^^^^^^^^^^^^^^^^^^^^
> 23 |     selectConsolidatedSummary,
     | ^^^^^^^^^^^^^^^^^^^^^^^^^^^^^^
> 24 |     selectTTMActuals,
     | ^^^^^^^^^^^^^^^^^^^^^
> 25 | } from '../../../redux/selectors/return-on-equity.selectors';
     | ^^^^^^^^^^^^^^^^^^^^^^^^^^^^^^^^^^^^^^^^^^^^^^^^^^^^^^^^^^^^^
  26 | import {
  27 |     DetailContentFlow,
  28 |     DesktopBreadcrumb,

The export selectTTMActuals was not found in module [project]/frontend/redux/selectors/return-on-equity.selectors.ts [app-ssr] (ecmascript).
Did you mean to import selectTrailingTwelveMonthsActuals?
All exports of the module are statically known (It doesn't have dynamic exports). So it's known statically that the requested export doesn't exist.

Import traces:
  Client Component Browser:
    ./frontend/app/details/[metric]/page.tsx [Client Component Browser]
    ./frontend/app/details/[metric]/page.tsx [Server Component]

  Client Component SSR:
    ./frontend/app/details/[metric]/page.tsx [Client Component SSR]
    ./frontend/app/details/[metric]/page.tsx [Server Component] @ http://localhost:3000/_next/static/chunks/1x5__next_dist_1-qjogw._.js:1052
[  375765ms] [LOG] [Fast Refresh] rebuilding @ http://localhost:3000/_next/static/chunks/1x5__next_dist_1-qjogw._.js:776
[  377722ms] [ERROR] ./frontend/app/details/[metric]/page.tsx:18:1
Error: Export selectTTMActuals doesn't exist in target module
  16 | import ConsolidationSummary from '../../../components/organisms/consolidation-summary/consolidation-summary';
  17 | import ConsolidationSummaryLoading from '../../../components/organisms/consolidation-summary/consolidation-summary....
> 18 | import {
     | ^^^^^^^
> 19 |     selectReturnOnEquityError,
     | ^^^^^^^^^^^^^^^^^^^^^^^^^^^^^^
> 20 |     selectReturnOnEquityHorizons,
     | ^^^^^^^^^^^^^^^^^^^^^^^^^^^^^^^^^
> 21 |     selectReturnOnEquityIsEmpty,
     | ^^^^^^^^^^^^^^^^^^^^^^^^^^^^^^^^
> 22 |     selectReturnOnEquityStatus,
     | ^^^^^^^^^^^^^^^^^^^^^^^^^^^^^^^
> 23 |     selectConsolidatedSummary,
     | ^^^^^^^^^^^^^^^^^^^^^^^^^^^^^^
> 24 |     selectTTMActuals,
     | ^^^^^^^^^^^^^^^^^^^^^
> 25 | } from '../../../redux/selectors/return-on-equity.selectors';
     | ^^^^^^^^^^^^^^^^^^^^^^^^^^^^^^^^^^^^^^^^^^^^^^^^^^^^^^^^^^^^^
  26 | import {
  27 |     DetailContentFlow,
  28 |     DesktopBreadcrumb,

The export selectTTMActuals was not found in module [project]/frontend/redux/selectors/return-on-equity.selectors.ts [app-client] (ecmascript).
Did you mean to import selectTrailingTwelveMonthsActuals?
All exports of the module are statically known (It doesn't have dynamic exports). So it's known statically that the requested export doesn't exist.

Import traces:
  Client Component Browser:
    ./frontend/app/details/[metric]/page.tsx [Client Component Browser]
    ./frontend/app/details/[metric]/page.tsx [Server Component]

  Client Component SSR:
    ./frontend/app/details/[metric]/page.tsx [Client Component SSR]
    ./frontend/app/details/[metric]/page.tsx [Server Component] @ http://localhost:3000/_next/static/chunks/1x5__next_dist_1-qjogw._.js:1052
[  377722ms] [ERROR] ./frontend/app/details/[metric]/page.tsx:18:1
Error: Export selectTTMActuals doesn't exist in target module
  16 | import ConsolidationSummary from '../../../components/organisms/consolidation-summary/consolidation-summary';
  17 | import ConsolidationSummaryLoading from '../../../components/organisms/consolidation-summary/consolidation-summary....
> 18 | import {
     | ^^^^^^^
> 19 |     selectReturnOnEquityError,
     | ^^^^^^^^^^^^^^^^^^^^^^^^^^^^^^
> 20 |     selectReturnOnEquityHorizons,
     | ^^^^^^^^^^^^^^^^^^^^^^^^^^^^^^^^^
> 21 |     selectReturnOnEquityIsEmpty,
     | ^^^^^^^^^^^^^^^^^^^^^^^^^^^^^^^^
> 22 |     selectReturnOnEquityStatus,
     | ^^^^^^^^^^^^^^^^^^^^^^^^^^^^^^^
> 23 |     selectConsolidatedSummary,
     | ^^^^^^^^^^^^^^^^^^^^^^^^^^^^^^
> 24 |     selectTTMActuals,
     | ^^^^^^^^^^^^^^^^^^^^^
> 25 | } from '../../../redux/selectors/return-on-equity.selectors';
     | ^^^^^^^^^^^^^^^^^^^^^^^^^^^^^^^^^^^^^^^^^^^^^^^^^^^^^^^^^^^^^
  26 | import {
  27 |     DetailContentFlow,
  28 |     DesktopBreadcrumb,

The export selectTTMActuals was not found in module [project]/frontend/redux/selectors/return-on-equity.selectors.ts [app-ssr] (ecmascript).
Did you mean to import selectTrailingTwelveMonthsActuals?
All exports of the module are statically known (It doesn't have dynamic exports). So it's known statically that the requested export doesn't exist.

Import traces:
  Client Component Browser:
    ./frontend/app/details/[metric]/page.tsx [Client Component Browser]
    ./frontend/app/details/[metric]/page.tsx [Server Component]

  Client Component SSR:
    ./frontend/app/details/[metric]/page.tsx [Client Component SSR]
    ./frontend/app/details/[metric]/page.tsx [Server Component] @ http://localhost:3000/_next/static/chunks/1x5__next_dist_1-qjogw._.js:1052
[  384699ms] [LOG] [Fast Refresh] rebuilding @ http://localhost:3000/_next/static/chunks/1x5__next_dist_1-qjogw._.js:776
[  384799ms] [LOG] [Fast Refresh] done in 92ms @ http://localhost:3000/_next/static/chunks/1x5__next_dist_1-qjogw._.js:776
[  384800ms] [LOG] [Fast Refresh] done in 92ms @ http://localhost:3000/_next/static/chunks/1x5__next_dist_1-qjogw._.js:776
[  384962ms] ReferenceError: selectTTMActuals is not defined
    at MetricDetailsPage (http://localhost:3000/_next/static/chunks/frontend_163whs8._.js?id=%255Bproject%255D/frontend/app/details/%255Bmetric%255D/page.tsx+%255Bapp-client%255D+(ecmascript):56:173)
    at Object.react_stack_bottom_frame (http://localhost:3000/_next/static/chunks/1x5__next_dist_compiled_react-dom_175nkkm._.js:14894:24)
    at renderWithHooks (http://localhost:3000/_next/static/chunks/1x5__next_dist_compiled_react-dom_175nkkm._.js:4425:24)
    at updateFunctionComponent (http://localhost:3000/_next/static/chunks/1x5__next_dist_compiled_react-dom_175nkkm._.js:5892:21)
    at beginWork (http://localhost:3000/_next/static/chunks/1x5__next_dist_compiled_react-dom_175nkkm._.js:6518:24)
    at runWithFiberInDEV (http://localhost:3000/_next/static/chunks/1x5__next_dist_compiled_react-dom_175nkkm._.js:761:74)
    at performUnitOfWork (http://localhost:3000/_next/static/chunks/1x5__next_dist_compiled_react-dom_175nkkm._.js:9385:97)
    at workLoopSync (http://localhost:3000/_next/static/chunks/1x5__next_dist_compiled_react-dom_175nkkm._.js:9279:40)
    at renderRootSync (http://localhost:3000/_next/static/chunks/1x5__next_dist_compiled_react-dom_175nkkm._.js:9263:13)
    at performWorkOnRoot (http://localhost:3000/_next/static/chunks/1x5__next_dist_compiled_react-dom_175nkkm._.js:8928:47)
    at performSyncWorkOnRoot (http://localhost:3000/_next/static/chunks/1x5__next_dist_compiled_react-dom_175nkkm._.js:10093:9)
    at flushSyncWorkAcrossRoots_impl (http://localhost:3000/_next/static/chunks/1x5__next_dist_compiled_react-dom_175nkkm._.js:10009:316)
    at processRootScheduleInMicrotask (http://localhost:3000/_next/static/chunks/1x5__next_dist_compiled_react-dom_175nkkm._.js:10030:106)
    at http://localhost:3000/_next/static/chunks/1x5__next_dist_compiled_react-dom_175nkkm._.js:10104:158
[  384888ms] [LOG] [Fast Refresh] done in 92ms @ http://localhost:3000/_next/static/chunks/1x5__next_dist_1-qjogw._.js:776
[  384943ms] [LOG] [Fast Refresh] done in 92ms @ http://localhost:3000/_next/static/chunks/1x5__next_dist_1-qjogw._.js:776
[  385132ms] [LOG] [Fast Refresh] done in 92ms @ http://localhost:3000/_next/static/chunks/1x5__next_dist_1-qjogw._.js:776
[  385234ms] [LOG] [Fast Refresh] done in 92ms @ http://localhost:3000/_next/static/chunks/1x5__next_dist_1-qjogw._.js:776
[  385483ms] [LOG] [Fast Refresh] done in 92ms @ http://localhost:3000/_next/static/chunks/1x5__next_dist_1-qjogw._.js:776
[  385932ms] [LOG] [Fast Refresh] done in 92ms @ http://localhost:3000/_next/static/chunks/1x5__next_dist_1-qjogw._.js:776
[  396595ms] [LOG] [Fast Refresh] rebuilding @ http://localhost:3000/_next/static/chunks/1x5__next_dist_1-qjogw._.js:776
[  396603ms] [WARNING] [Fast Refresh] performing full reload because your application had an unrecoverable error @ http://localhost:3000/_next/static/chunks/1x5__next_dist_1-qjogw._.js:776
[  396698ms] [LOG] [Fast Refresh] done in 9ms @ http://localhost:3000/_next/static/chunks/1x5__next_dist_1-qjogw._.js:776
[  396825ms] [INFO] %cDownload the React DevTools for a better development experience: https://react.dev/link/react-devtools font-weight:bold @ http://localhost:3000/_next/static/chunks/1x5__next_dist_1-qjogw._.js:776
[  396839ms] [LOG] [HMR] connected @ http://localhost:3000/_next/static/chunks/1x5__next_dist_1-qjogw._.js:776
[  422898ms] [LOG] [Fast Refresh] rebuilding @ http://localhost:3000/_next/static/chunks/1x5__next_dist_1-qjogw._.js:776
[  423056ms] [LOG] [Fast Refresh] done in 119ms @ http://localhost:3000/_next/static/chunks/1x5__next_dist_1-qjogw._.js:776
[  423265ms] [LOG] [Fast Refresh] done in 119ms @ http://localhost:3000/_next/static/chunks/1x5__next_dist_1-qjogw._.js:776
