[      79ms] [LOG] [Fast Refresh] done in 70ms @ http://localhost:3000/_next/static/chunks/1x5__next_dist_1-qjogw._.js:776
[     163ms] [INFO] %cDownload the React DevTools for a better development experience: https://react.dev/link/react-devtools font-weight:bold @ http://localhost:3000/_next/static/chunks/1x5__next_dist_1-qjogw._.js:776
[     180ms] [LOG] [HMR] connected @ http://localhost:3000/_next/static/chunks/1x5__next_dist_1-qjogw._.js:776
[  164235ms] [LOG] [Fast Refresh] rebuilding @ http://localhost:3000/_next/static/chunks/1x5__next_dist_1-qjogw._.js:776
[  164392ms] [LOG] [Fast Refresh] done in 259ms @ http://localhost:3000/_next/static/chunks/1x5__next_dist_1-qjogw._.js:776
[  169729ms] [LOG] [Fast Refresh] rebuilding @ http://localhost:3000/_next/static/chunks/1x5__next_dist_1-qjogw._.js:776
[  169788ms] [LOG] [Fast Refresh] done in 7ms @ http://localhost:3000/_next/static/chunks/1x5__next_dist_1-qjogw._.js:776
[  169827ms] [LOG] [Fast Refresh] done in 7ms @ http://localhost:3000/_next/static/chunks/1x5__next_dist_1-qjogw._.js:776
[  170237ms] [LOG] [Fast Refresh] done in 7ms @ http://localhost:3000/_next/static/chunks/1x5__next_dist_1-qjogw._.js:776
[  170306ms] [LOG] [Fast Refresh] done in 7ms @ http://localhost:3000/_next/static/chunks/1x5__next_dist_1-qjogw._.js:776
[  179176ms] [LOG] [Fast Refresh] rebuilding @ http://localhost:3000/_next/static/chunks/1x5__next_dist_1-qjogw._.js:776
[  179257ms] [LOG] [Fast Refresh] done in 5ms @ http://localhost:3000/_next/static/chunks/1x5__next_dist_1-qjogw._.js:776
[  179409ms] [LOG] [Fast Refresh] done in 5ms @ http://localhost:3000/_next/static/chunks/1x5__next_dist_1-qjogw._.js:776
[  179467ms] [LOG] [Fast Refresh] done in 5ms @ http://localhost:3000/_next/static/chunks/1x5__next_dist_1-qjogw._.js:776
[  179533ms] [LOG] [Fast Refresh] done in 5ms @ http://localhost:3000/_next/static/chunks/1x5__next_dist_1-qjogw._.js:776
[  189521ms] [LOG] [Fast Refresh] rebuilding @ http://localhost:3000/_next/static/chunks/1x5__next_dist_1-qjogw._.js:776
[  189569ms] [LOG] [Fast Refresh] done in 4ms @ http://localhost:3000/_next/static/chunks/1x5__next_dist_1-qjogw._.js:776
[  189605ms] [LOG] [Fast Refresh] done in 4ms @ http://localhost:3000/_next/static/chunks/1x5__next_dist_1-qjogw._.js:776
[  189812ms] [LOG] [Fast Refresh] done in 4ms @ http://localhost:3000/_next/static/chunks/1x5__next_dist_1-qjogw._.js:776
[  189873ms] [LOG] [Fast Refresh] done in 4ms @ http://localhost:3000/_next/static/chunks/1x5__next_dist_1-qjogw._.js:776
[  189999ms] [LOG] [Fast Refresh] done in 4ms @ http://localhost:3000/_next/static/chunks/1x5__next_dist_1-qjogw._.js:776
[  208093ms] [LOG] [Fast Refresh] rebuilding @ http://localhost:3000/_next/static/chunks/1x5__next_dist_1-qjogw._.js:776
[  208140ms] [LOG] [Fast Refresh] done in 1ms @ http://localhost:3000/_next/static/chunks/1x5__next_dist_1-qjogw._.js:776
[  208284ms] [LOG] [Fast Refresh] done in 1ms @ http://localhost:3000/_next/static/chunks/1x5__next_dist_1-qjogw._.js:776
[  208348ms] [LOG] [Fast Refresh] done in 1ms @ http://localhost:3000/_next/static/chunks/1x5__next_dist_1-qjogw._.js:776
[  233597ms] [LOG] [Fast Refresh] rebuilding @ http://localhost:3000/_next/static/chunks/1x5__next_dist_1-qjogw._.js:776
[  233646ms] [LOG] [Fast Refresh] done in 11ms @ http://localhost:3000/_next/static/chunks/1x5__next_dist_1-qjogw._.js:776
[  233829ms] [LOG] [Fast Refresh] done in 11ms @ http://localhost:3000/_next/static/chunks/1x5__next_dist_1-qjogw._.js:776
[  233927ms] [LOG] [Fast Refresh] done in 11ms @ http://localhost:3000/_next/static/chunks/1x5__next_dist_1-qjogw._.js:776
[  244875ms] [LOG] [Fast Refresh] rebuilding @ http://localhost:3000/_next/static/chunks/1x5__next_dist_1-qjogw._.js:776
[  244980ms] [LOG] [Fast Refresh] done in 151ms @ http://localhost:3000/_next/static/chunks/1x5__next_dist_1-qjogw._.js:776
[  245220ms] ReferenceError: calculateArithmeticMean is not defined
    at MetricDetailsPage (http://localhost:3000/_next/static/chunks/frontend_163whs8._.js?id=%255Bproject%255D/frontend/app/details/%255Bmetric%255D/page.tsx+%255Bapp-client%255D+(ecmascript):69:30)
    at Object.react_stack_bottom_frame (http://localhost:3000/_next/static/chunks/1x5__next_dist_compiled_react-dom_175nkkm._.js:14894:24)
    at renderWithHooks (http://localhost:3000/_next/static/chunks/1x5__next_dist_compiled_react-dom_175nkkm._.js:4425:24)
    at updateFunctionComponent (http://localhost:3000/_next/static/chunks/1x5__next_dist_compiled_react-dom_175nkkm._.js:5892:21)
    at beginWork (http://localhost:3000/_next/static/chunks/1x5__next_dist_compiled_react-dom_175nkkm._.js:6518:24)
    at runWithFiberInDEV (http://localhost:3000/_next/static/chunks/1x5__next_dist_compiled_react-dom_175nkkm._.js:761:74)
    at performUnitOfWork (http://localhost:3000/_next/static/chunks/1x5__next_dist_compiled_react-dom_175nkkm._.js:9385:97)
    at workLoopSync (http://localhost:3000/_next/static/chunks/1x5__next_dist_compiled_react-dom_175nkkm._.js:9279:40)
    at renderRootSync (http://localhost:3000/_next/static/chunks/1x5__next_dist_compiled_react-dom_175nkkm._.js:9263:13)
    at performWorkOnRoot (http://localhost:3000/_next/static/chunks/1x5__next_dist_compiled_react-dom_175nkkm._.js:8928:47)
    at performSyncWorkOnRoot (http://localhost:3000/_next/static/chunks/1x5__next_dist_compiled_react-dom_175nkkm._.js:10093:9)
    at flushSyncWorkAcrossRoots_impl (http://localhost:3000/_next/static/chunks/1x5__next_dist_compiled_react-dom_175nkkm._.js:10009:316)
    at processRootScheduleInMicrotask (http://localhost:3000/_next/static/chunks/1x5__next_dist_compiled_react-dom_175nkkm._.js:10030:106)
    at http://localhost:3000/_next/static/chunks/1x5__next_dist_compiled_react-dom_175nkkm._.js:10104:158
[  258604ms] [LOG] [Fast Refresh] rebuilding @ http://localhost:3000/_next/static/chunks/1x5__next_dist_1-qjogw._.js:776
[  258613ms] [WARNING] [Fast Refresh] performing full reload because your application had an unrecoverable error @ http://localhost:3000/_next/static/chunks/1x5__next_dist_1-qjogw._.js:776
[  258720ms] [LOG] [Fast Refresh] done in 10ms @ http://localhost:3000/_next/static/chunks/1x5__next_dist_1-qjogw._.js:776
[  258845ms] [INFO] %cDownload the React DevTools for a better development experience: https://react.dev/link/react-devtools font-weight:bold @ http://localhost:3000/_next/static/chunks/1x5__next_dist_1-qjogw._.js:776
[  258860ms] [LOG] [HMR] connected @ http://localhost:3000/_next/static/chunks/1x5__next_dist_1-qjogw._.js:776
[  287982ms] [LOG] [Fast Refresh] rebuilding @ http://localhost:3000/_next/static/chunks/1x5__next_dist_1-qjogw._.js:776
[  288037ms] [LOG] [Fast Refresh] done in 6ms @ http://localhost:3000/_next/static/chunks/1x5__next_dist_1-qjogw._.js:776
[  288318ms] [LOG] [Fast Refresh] done in 6ms @ http://localhost:3000/_next/static/chunks/1x5__next_dist_1-qjogw._.js:776
[  290499ms] [LOG] [Fast Refresh] done in 6ms @ http://localhost:3000/_next/static/chunks/1x5__next_dist_1-qjogw._.js:776
[  300757ms] [LOG] [Fast Refresh] done in 6ms @ http://localhost:3000/_next/static/chunks/1x5__next_dist_1-qjogw._.js:776
[  303066ms] [LOG] [Fast Refresh] done in 6ms @ http://localhost:3000/_next/static/chunks/1x5__next_dist_1-qjogw._.js:776
[  316573ms] [LOG] [Fast Refresh] done in 6ms @ http://localhost:3000/_next/static/chunks/1x5__next_dist_1-qjogw._.js:776
[  325056ms] [LOG] [Fast Refresh] done in 6ms @ http://localhost:3000/_next/static/chunks/1x5__next_dist_1-qjogw._.js:776
[  325113ms] [LOG] [Fast Refresh] done in 6ms @ http://localhost:3000/_next/static/chunks/1x5__next_dist_1-qjogw._.js:776
[  335339ms] [LOG] [Fast Refresh] done in 6ms @ http://localhost:3000/_next/static/chunks/1x5__next_dist_1-qjogw._.js:776
[  335419ms] [LOG] [Fast Refresh] done in 6ms @ http://localhost:3000/_next/static/chunks/1x5__next_dist_1-qjogw._.js:776
