[     303ms] [INFO] %cDownload the React DevTools for a better development experience: https://react.dev/link/react-devtools font-weight:bold @ http://localhost:3000/_next/static/chunks/1x5__next_dist_1-qjogw._.js:776
[     386ms] [LOG] [HMR] connected @ http://localhost:3000/_next/static/chunks/1x5__next_dist_1-qjogw._.js:776
[   14082ms] [INFO] %cDownload the React DevTools for a better development experience: https://react.dev/link/react-devtools font-weight:bold @ http://localhost:3000/_next/static/chunks/1x5__next_dist_1-qjogw._.js:776
[   14098ms] [LOG] [HMR] connected @ http://localhost:3000/_next/static/chunks/1x5__next_dist_1-qjogw._.js:776
[   35693ms] [LOG] [Fast Refresh] rebuilding @ http://localhost:3000/_next/static/chunks/1x5__next_dist_1-qjogw._.js:776
[   35733ms] [LOG] [Fast Refresh] done in 141ms @ http://localhost:3000/_next/static/chunks/1x5__next_dist_1-qjogw._.js:776
[  770221ms] [LOG] [Fast Refresh] rebuilding @ http://localhost:3000/_next/static/chunks/1x5__next_dist_1-qjogw._.js:776
[  770270ms] [LOG] [Fast Refresh] done in 24ms @ http://localhost:3000/_next/static/chunks/1x5__next_dist_1-qjogw._.js:776
[  770288ms] [LOG] [Fast Refresh] done in 24ms @ http://localhost:3000/_next/static/chunks/1x5__next_dist_1-qjogw._.js:776
[  770608ms] [LOG] [Fast Refresh] done in 24ms @ http://localhost:3000/_next/static/chunks/1x5__next_dist_1-qjogw._.js:776
[  770738ms] [LOG] [Fast Refresh] done in 24ms @ http://localhost:3000/_next/static/chunks/1x5__next_dist_1-qjogw._.js:776
[  782737ms] [LOG] [Fast Refresh] rebuilding @ http://localhost:3000/_next/static/chunks/1x5__next_dist_1-qjogw._.js:776
[  782776ms] [LOG] [Fast Refresh] done in 7ms @ http://localhost:3000/_next/static/chunks/1x5__next_dist_1-qjogw._.js:776
[  782870ms] [LOG] [Fast Refresh] done in 7ms @ http://localhost:3000/_next/static/chunks/1x5__next_dist_1-qjogw._.js:776
[  782977ms] [LOG] [Fast Refresh] done in 7ms @ http://localhost:3000/_next/static/chunks/1x5__next_dist_1-qjogw._.js:776
[  791915ms] [LOG] [Fast Refresh] rebuilding @ http://localhost:3000/_next/static/chunks/1x5__next_dist_1-qjogw._.js:776
[  791985ms] [LOG] [Fast Refresh] done in 34ms @ http://localhost:3000/_next/static/chunks/1x5__next_dist_1-qjogw._.js:776
[  792249ms] [LOG] [Fast Refresh] done in 34ms @ http://localhost:3000/_next/static/chunks/1x5__next_dist_1-qjogw._.js:776
[  792293ms] [LOG] [Fast Refresh] done in 34ms @ http://localhost:3000/_next/static/chunks/1x5__next_dist_1-qjogw._.js:776
[  834937ms] [LOG] [Fast Refresh] done in 34ms @ http://localhost:3000/_next/static/chunks/1x5__next_dist_1-qjogw._.js:776
[  835223ms] [LOG] [Fast Refresh] done in 34ms @ http://localhost:3000/_next/static/chunks/1x5__next_dist_1-qjogw._.js:776
[  840380ms] [LOG] [Fast Refresh] done in 34ms @ http://localhost:3000/_next/static/chunks/1x5__next_dist_1-qjogw._.js:776
